// Jest Snapshot v1, https://goo.gl/fbAQLP

exports[`LocaleProvider with a withLocale-ed component gets the locale 1`] = `
<LocaleProvider
  locale="es"
>
  <LocaleComponent>
    <mockConstructor
      locale="es"
    >
      <div />
    </mockConstructor>
  </LocaleComponent>
</LocaleProvider>
`;
