// Jest Snapshot v1, https://goo.gl/fbAQLP

exports[`shallow 1`] = `
<layout
  pathname=""
>
  <Hero>
    Maintainable CSS with React
  </Hero>
  <glamorous(div)>
    <CodePreview
      code="const Button = glamorous.a({
      border: '1px solid #F67982',
      width: '11em',
      padding: '0.7em 0',
      textDecoration: 'none',
      borderRadius: 4,
      display: 'inline-block',
      margin: '.5em 1em',
      transition: 'all .3s',
    })
    
    const solidColors = {
      backgroundColor: '#ED5C70',
      color: '#fff',
    }
    
    const transparentColors = {
      backgroundColor: 'rgba(255, 255, 255, 0.5)',
      color: '#ED5C70',
    }
    
    const Primary = glamorous(Button)(
      solidColors,
      {
        ':hover': transparentColors,
      }
    )
    
    const Secondary = glamorous(Button)(
      transparentColors,
      {
        ':hover': solidColors,
      }
    )
    
    render(
      <glamorous.Div textAlign=\\"center\\">
        <Primary href=\\"https://github.com/paypal/glamorous\\">
          GitHub
        </Primary>
        <Secondary href=\\"http://kcd.im/glamorous-help\\">
          Try It
        </Secondary>
      </glamorous.Div>
    )"
    />
    <glamorous(div)>
      npm install --save glamorous react glamor prop-types
    </glamorous(div)>
  </glamorous(div)>
  <glamorous(glamorous(Anchor))
    href="/guides"
  >
    Click Here to get started
  </glamorous(glamorous(Anchor))>
</layout>
`;
